Auditing 39 bounded-canon watchalongs…
  6VXSBDZ-3WE   2156 caption events  HALLOWEEN FULL COMMENTARY!!!!!!!!
  28PfRNKoSCA   1858 caption events  HALLOWEEN IV: FULL COMMENTARY - The Return of Michael Myers
  ThPjds8iI9U   1810 caption events  LET'S WATCH HALLOWEEN II TOGETHER (Full Commentary)
  4UokRLETypU   2992 caption events  Let's watch HALLOWEEN III together! FULL Halloween 3: Season of the Witch Commentary
  AtcRT3Xkk6E   1847 caption events  LET'S WATCH HALLOWEEN 5 - Full Commentary!
  ZWF8TPnHr4Y   1678 caption events  HALLOWEEN: THE CURSE OF MICHAEL MYERS PRODUCERS CUT COMMENTARY
  Q6SN-Om1gIo   2264 caption events  HALLOWEEN: H20 Full Commentary
  AzrcgoyE7C4      0 caption events  None
  l4Ae4ywJvuo   1571 caption events  Halloween Resurrection Commentary on Riff.TV (Netflix Horror Commentary)
  M2iupVAFWt8   1969 caption events  ROB ZOMBIE'S HALLOWEEN Commentary
  5HfhwoDSQ0E   2757 caption events  HALLOWEEN KILLS COMMENTARY
  3wK00_-K-Y0   2360 caption events  HALLOWEEN 2018 LIVE COMMENTARY!
  I6QKteG_hK0   3287 caption events  Halloween Ends Full Movie Commentary
  WkYLphAdlYc   2605 caption events  FRIDAY THE 13th (1980) Full Movie Commentary
  G-E1b59Hdj8   2108 caption events  FRIDAY THE 13th Part 3D Full Movie COMMENTARY
  vGIoZMLhz9k   2010 caption events  FRIDAY THE 13th PART 2 Full Movie Commentary
  kTJXSHz9BXw   2166 caption events  Friday the 13th Part IV THE FINAL CHAPTER Commentary
  BIbyzMlstmM   2800 caption events  Friday the 13th Part VI: Jason Lives Full Commentary
  G2m0effDrwI   2275 caption events  Friday the 13th: Jason Takes Manhattan Full Movie Commentary
  Y5-DV5MSURQ   2150 caption events  Friday the 13th Part VII - The New Blood Commentary
  XfwzQJ9CJGs   1901 caption events  Friday the 13th Part V: A New Beginning Movie Commentary
  EIw3TG3XwxA   2245 caption events  Jason Goes To Hell Full Movie Commentary
  bP5RMi24zBg   1929 caption events  FRIDAY THE 13th 2009 COMMENTARY
  LiTEaN8mpl8   2535 caption events  JASON X Full Movie Commentary - HAPPY FRIDAY the 13TH!!!!!
  vN0kpXks-Lk   2153 caption events  Freddy Vs Jason Full Movie Commentary
  jLIfEdg8Oc0   2582 caption events  SCREAM 3 Commentary by WeWatchedAMovie
  5et_A1tYnio   3254 caption events  SCREAM 4 Movie COMMENTARY
  2G8lpFaeIdw   2634 caption events  SCREAM Commentary by We Watched A Movie
  wwJIsIRuR8w   1739 caption events  SCREAM 2 Full Commentary
  hQu1Y1GZozI   1840 caption events  SCREAM 2022 Full Movie Commentary
  ISDlaQ9DWSM   2044 caption events  SCREAM VI Full Movie Commentary
  7qgebnDYVi4   2258 caption events  A Nightmare on Elm Street Full Movie Commentary
  HNN0SEy2qtY   1987 caption events  A Nightmare on Elm Street 2: Freddy's Revenge FULL MOVIE COMMENTARY
  c15otfZ8HkU   2164 caption events  A Nightmare On Elm Street 3: DREAM WARRIORS Commentary
  l8HKF-nXdyc   1672 caption events  A Nightmare on Elm Street 5 Movie Commentary (The Dream Child)
  e7aq2cqVf-k   2285 caption events  Freddy's Dead Movie Commentary (A Nightmare on Elm Street 6)
  rLXnU3Rsj-4   2450 caption events  A Nightmare on Elm Street 4 Full Movie Commentary
  qTQdWKcwn4A   2588 caption events  A Nightmare on ELM Street 2010 Movie Commentary
  vFdRkvErLmQ   3357 caption events  NEW NIGHTMARE Movie Commentary
{
  "catalog": 39,
  "captioned": 38,
  "words": 573383,
  "hours": 65,
  "hot100": 100
}
